[0m17:51:24.785859 [debug] [MainThread]: Sending event: {'category': 'dbt', 'action': 'invocation', 'label': 'start', 'context': [<snowplow_tracker.self_describing_json.SelfDescribingJson object at 0x00000182898EC1A0>, <snowplow_tracker.self_describing_json.SelfDescribingJson object at 0x0000018287104E10>, <snowplow_tracker.self_describing_json.SelfDescribingJson object at 0x000001828C0779D0>]}


============================== 17:51:24.800404 | 5f4c9b13-caee-4ee1-ae43-92c36d024fe3 ==============================
[0m17:51:24.800404 [info ] [MainThread]: Running with dbt=1.12.3
[0m17:51:24.801046 [debug] [MainThread]: running dbt with arguments {'version_check': 'True', 'no_print': 'None', 'maximum_seed_size_mib': '1', 'warn_error_options': 'WarnErrorOptionsV2(error=[], warn=[], silence=[])', 'target_path': 'None', 'static_parser': 'True', 'printer_width': '80', 'write_json': 'True', 'empty': 'None', 'log_cache_events': 'False', 'introspect': 'True', 'cache_selected_only': 'False', 'log_format': 'default', 'debug': 'False', 'fail_fast': 'False', 'partial_parse': 'True', 'send_anonymous_usage_stats': 'True', 'quiet': 'False', 'warn_error': 'None', 'profiles_dir': 'C:\\Users\\User\\.dbt', 'invocation_command': 'dbt init', 'hints_enabled': 'True', 'use_colors': 'True', 'use_experimental_parser': 'False', 'indirect_selection': 'eager', 'log_path': 'logs'}
[0m17:51:33.431563 [debug] [MainThread]: Starter project path: C:\Users\User\AppData\Local\Programs\Python\Python314\Lib\site-packages\dbt\include\starter_project
[0m17:51:33.456380 [info ] [MainThread]: Setting up your profile.
[0m17:52:03.677871 [info ] [MainThread]: Profile dbt_vendas written to C:\Users\User\.dbt\profiles.yml using target's profile_template.yml and your supplied values.
[0m17:52:03.681853 [info ] [MainThread]: Running dbt debug to validate the project...
[0m17:52:03.682686 [info ] [MainThread]: dbt version: 1.12.3
[0m17:52:03.683161 [info ] [MainThread]: python version: 3.14.2
[0m17:52:03.683547 [info ] [MainThread]: python path: C:\Users\User\AppData\Local\Programs\Python\Python314\python.exe
[0m17:52:03.683819 [info ] [MainThread]: os info: Windows-10-10.0.19045-SP0
[0m17:52:03.775950 [info ] [MainThread]: Using profiles dir at C:\Users\User\.dbt
[0m17:52:03.776552 [info ] [MainThread]: Using profiles.yml file at C:\Users\User\.dbt\profiles.yml
[0m17:52:03.776842 [info ] [MainThread]: Using dbt_project.yml file at C:\Users\User\Documents\Curso Python\Projeto de Engenharia de Dados\dbt_vendas\dbt_project.yml
[0m17:52:03.777149 [info ] [MainThread]: adapter type: sqlserver
[0m17:52:03.777449 [info ] [MainThread]: adapter version: 1.11.1
[0m17:52:03.868929 [info ] [MainThread]: Configuration:
[0m17:52:03.869400 [info ] [MainThread]:   profiles.yml file [[32mOK found and valid[0m]
[0m17:52:03.869778 [info ] [MainThread]:   dbt_project.yml file [[32mOK found and valid[0m]
[0m17:52:03.870082 [info ] [MainThread]: Required dependencies:
[0m17:52:03.870392 [debug] [MainThread]: Executing "git --help"
[0m17:52:03.906065 [debug] [MainThread]: STDOUT: "b"usage: git [-v | --version] [-h | --help] [-C <path>] [-c <name>=<value>]\n           [--exec-path[=<path>]] [--html-path] [--man-path] [--info-path]\n           [-p | --paginate | -P | --no-pager] [--no-replace-objects] [--no-lazy-fetch]\n           [--no-optional-locks] [--no-advice] [--bare] [--git-dir=<path>]\n           [--work-tree=<path>] [--namespace=<name>] [--config-env=<name>=<envvar>]\n           <command> [<args>]\n\nThese are common Git commands used in various situations:\n\nstart a working area (see also: git help tutorial)\n   clone      Clone a repository into a new directory\n   init       Create an empty Git repository or reinitialize an existing one\n\nwork on the current change (see also: git help everyday)\n   add        Add file contents to the index\n   mv         Move or rename a file, a directory, or a symlink\n   restore    Restore working tree files\n   rm         Remove files from the working tree and from the index\n\nexamine the history and state (see also: git help revisions)\n   bisect     Use binary search to find the commit that introduced a bug\n   diff       Show changes between commits, commit and working tree, etc\n   grep       Print lines matching a pattern\n   log        Show commit logs\n   show       Show various types of objects\n   status     Show the working tree status\n\ngrow, mark and tweak your common history\n   backfill   Download missing objects in a partial clone\n   branch     List, create, or delete branches\n   commit     Record changes to the repository\n   history    EXPERIMENTAL: Rewrite history\n   merge      Join two or more development histories together\n   rebase     Reapply commits on top of another base tip\n   reset      Set `HEAD` or the index to a known state\n   switch     Switch branches\n   tag        Create, list, delete or verify tags\n\ncollaborate (see also: git help workflows)\n   fetch      Download objects and refs from another repository\n   pull       Fetch from and integrate with another repository or a local branch\n   push       Update remote refs along with associated objects\n\n'git help -a' and 'git help -g' list available subcommands and some\nconcept guides. See 'git help <command>' or 'git help <concept>'\nto read about a specific subcommand or concept.\nSee 'git help git' for an overview of the system.\n""
[0m17:52:03.906607 [debug] [MainThread]: STDERR: "b''"
[0m17:52:03.906959 [info ] [MainThread]:  - git [[32mOK found[0m]

[0m17:52:03.907313 [info ] [MainThread]: Connection:
[0m17:52:03.907646 [info ] [MainThread]:   driver: None
[0m17:52:03.907914 [info ] [MainThread]:   server: localhost
[0m17:52:03.908171 [info ] [MainThread]:   port: 1433
[0m17:52:03.908429 [info ] [MainThread]:   database: VENDAS
[0m17:52:03.908747 [info ] [MainThread]:   schema: None
[0m17:52:03.909086 [info ] [MainThread]:   UID: admin
[0m17:52:03.909392 [info ] [MainThread]:   authentication: sql
[0m17:52:03.909682 [info ] [MainThread]:   windows_login: False
[0m17:52:03.909949 [info ] [MainThread]:   retries: 3
[0m17:52:03.910217 [info ] [MainThread]:   login_timeout: 0
[0m17:52:03.910477 [info ] [MainThread]:   query_timeout: 0
[0m17:52:03.910744 [info ] [MainThread]:   trace_flag: False
[0m17:52:03.910994 [info ] [MainThread]:   encrypt: True
[0m17:52:03.911254 [info ] [MainThread]:   trust_cert: False
[0m17:52:03.911533 [info ] [MainThread]:   backend: pyodbc
[0m17:52:03.911809 [info ] [MainThread]:   xact_abort: True
[0m17:52:03.912382 [info ] [MainThread]: Registered adapter: sqlserver=1.11.1
[0m17:52:04.290715 [warn ] [MainThread]: [[33mWARNING[0m]: When True, uses SQL Server-native string type mappings: STRING -> VARCHAR(MAX), NCHAR -> NCHAR(1), NVARCHAR -> NVARCHAR(4000). When False (default), preserves legacy mappings: STRING and NVARCHAR -> VARCHAR(8000), NCHAR -> CHAR(1). The new behaviour is intended to become the default in a future release.
You may opt into the new behavior sooner by setting `flags.dbt_sqlserver_use_native_string_types` to `True` in `dbt_project.yml`.
Visit https://docs.getdbt.com/reference/global-configs/behavior-changes for more information.
[0m17:52:04.291299 [debug] [MainThread]: Sending event: {'category': 'dbt', 'action': 'BehaviorChangeEvent', 'label': '5f4c9b13-caee-4ee1-ae43-92c36d024fe3', 'context': [<snowplow_tracker.self_describing_json.SelfDescribingJson object at 0x000001828C5629E0>]}
[0m17:52:04.291648 [warn ] [MainThread]: [[33mWARNING[0m]: When True, dbt transaction hooks (begin/commit) emit real T-SQL BEGIN TRANSACTION / COMMIT TRANSACTION statements. When False (default and legacy), begin/commit are no-ops and each statement is auto-committed by the driver. This means earlier successful statements are not rolled back if a later statement fails. This behavior is intended to become the default in a future release.
You may opt into the new behavior sooner by setting `flags.dbt_sqlserver_use_dbt_transactions` to `True` in `dbt_project.yml`.
Visit https://docs.getdbt.com/reference/global-configs/behavior-changes for more information.
[0m17:52:04.292202 [debug] [MainThread]: Sending event: {'category': 'dbt', 'action': 'BehaviorChangeEvent', 'label': '5f4c9b13-caee-4ee1-ae43-92c36d024fe3', 'context': [<snowplow_tracker.self_describing_json.SelfDescribingJson object at 0x000001828C69AAD0>]}
[0m17:52:04.292800 [debug] [MainThread]: Acquiring new sqlserver connection 'debug'
[0m17:52:04.293112 [debug] [MainThread]: Using sqlserver connection "debug"
[0m17:52:04.293371 [debug] [MainThread]: On debug: select 1 as id
[0m17:52:04.293598 [debug] [MainThread]: Opening a new connection, currently in state init
[0m17:52:04.293905 [debug] [MainThread]: sqlserver adapter: SQL execution raised DbtRuntimeError: Runtime Error
  The `schema` profile field is required for SQL Server connections.
[0m17:52:04.294126 [debug] [MainThread]: sqlserver adapter: Error running SQL: select 1 as id
[0m17:52:04.294327 [debug] [MainThread]: sqlserver adapter: Rolling back transaction.
[0m17:52:04.294563 [info ] [MainThread]:   Connection test: [[31mERROR[0m]

[0m17:52:04.294884 [info ] [MainThread]: [31m1 check failed:[0m
[0m17:52:04.295179 [info ] [MainThread]: dbt was unable to connect to the specified database.
The database returned the following error:

  >Runtime Error
  The `schema` profile field is required for SQL Server connections.

Check your database credentials and try again. For more information, visit:
https://docs.getdbt.com/docs/configure-your-profile


[0m17:52:04.295502 [info ] [MainThread]: Your new dbt project "dbt_vendas" was created!
Initialized new project in C:\Users\User\Documents\Curso Python\Projeto de Engenharia de Dados\dbt_vendas\dbt_vendas

For more information on how to configure the profiles.yml file,
please consult the dbt documentation here:

  https://docs.getdbt.com/docs/configure-your-profile

One more thing:

Need help? Don't hesitate to reach out to us via GitHub issues or on Slack:

  https://community.getdbt.com/

Happy modeling!

[0m17:52:04.295833 [info ] [MainThread]: [31mYour profile may need adjustments. You can find the logs of `dbt debug` above[0m
[0m17:52:04.296750 [debug] [MainThread]: Command `dbt init` succeeded at 17:52:04.296653 after 39.68 seconds
[0m17:52:04.297008 [debug] [MainThread]: Connection 'debug' was properly closed.
[0m17:52:04.297269 [debug] [MainThread]: Sending event: {'category': 'dbt', 'action': 'invocation', 'label': 'end', 'context': [<snowplow_tracker.self_describing_json.SelfDescribingJson object at 0x000001828C46B350>, <snowplow_tracker.self_describing_json.SelfDescribingJson object at 0x000001828C46AF50>, <snowplow_tracker.self_describing_json.SelfDescribingJson object at 0x000001828C6C6210>]}
[0m17:52:04.297652 [debug] [MainThread]: Flushing usage events
[0m17:52:05.198427 [debug] [MainThread]: An error was encountered while trying to flush usage events
[0m18:31:50.930329 [debug] [MainThread]: Sending event: {'category': 'dbt', 'action': 'invocation', 'label': 'start', 'context': [<snowplow_tracker.self_describing_json.SelfDescribingJson object at 0x000002724191C1A0>, <snowplow_tracker.self_describing_json.SelfDescribingJson object at 0x000002723F124E10>, <snowplow_tracker.self_describing_json.SelfDescribingJson object at 0x000002724411B890>]}


============================== 18:31:50.935254 | 0b5f761a-613f-4a91-a313-f9eea4446711 ==============================
[0m18:31:50.935254 [info ] [MainThread]: Running with dbt=1.12.3
[0m18:31:50.935789 [debug] [MainThread]: running dbt with arguments {'static_parser': 'True', 'no_print': 'None', 'version_check': 'True', 'target_path': 'None', 'maximum_seed_size_mib': '1', 'warn_error_options': 'WarnErrorOptionsV2(error=[], warn=[], silence=[])', 'printer_width': '80', 'write_json': 'True', 'introspect': 'True', 'log_cache_events': 'False', 'empty': 'False', 'cache_selected_only': 'False', 'log_format': 'default', 'debug': 'False', 'fail_fast': 'False', 'partial_parse': 'True', 'send_anonymous_usage_stats': 'True', 'quiet': 'False', 'warn_error': 'None', 'profiles_dir': 'C:\\Users\\User\\.dbt', 'indirect_selection': 'eager', 'hints_enabled': 'True', 'use_colors': 'True', 'use_experimental_parser': 'False', 'invocation_command': 'dbt run', 'log_path': 'logs'}
[0m18:31:50.936357 [error] [MainThread]: [[31mERROR[0m]: Encountered an error:
Runtime Error
  No dbt_project.yml found at expected path C:\Users\User\Documents\Curso Python\Projeto de Engenharia de Dados\dbt_project.yml
  Verify that each entry within packages.yml (and their transitive dependencies) contains a file named dbt_project.yml
  
[0m18:31:50.937272 [debug] [MainThread]: Command `dbt run` failed at 18:31:50.937149 after 0.13 seconds
[0m18:31:50.937603 [debug] [MainThread]: Sending event: {'category': 'dbt', 'action': 'invocation', 'label': 'end', 'context': [<snowplow_tracker.self_describing_json.SelfDescribingJson object at 0x00000272440A0D60>, <snowplow_tracker.self_describing_json.SelfDescribingJson object at 0x0000027244158CB0>, <snowplow_tracker.self_describing_json.SelfDescribingJson object at 0x0000027244141BF0>]}
[0m18:31:50.937991 [debug] [MainThread]: Flushing usage events
[0m18:31:51.769244 [debug] [MainThread]: An error was encountered while trying to flush usage events
